// Jest Snapshot v1, https://goo.gl/fbAQLP

exports[`renders correctly 1`] = `
<a
  aria-current={null}
  href="#/test"
  onClick={[Function]}
>
  test
</a>
`;
